{
  "errors": [
    {
      "message": "The field Count must be between 1 and 10.",
      "locations": [
        {
          "line": 2,
          "column": 5
        }
      ],
      "path": [
        "setNestedParentExtByOpType",
        "obj",
        "child"
      ],
      "extensions": {
        "code": "DAMV-400",
        "field": "setNestedParentExtByOpType",
        "type": "Mutation",
        "specifiedBy": "https://spec.graphql.org/June2018/#sec-Values-of-Correct-Type"
      }
    },
    {
      "message": "The field Count must be between 1 and 10.",
      "locations": [
        {
          "line": 2,
          "column": 5
        }
      ],
      "path": [
        "setNestedParentExtByOpType",
        "obj",
        "count"
      ],
      "extensions": {
        "code": "DAMV-400",
        "field": "setNestedParentExtByOpType",
        "type": "Mutation",
        "specifiedBy": "https://spec.graphql.org/June2018/#sec-Values-of-Correct-Type"
      }
    },
    {
      "message": "The field Count must be between 1 and 10.",
      "locations": [
        {
          "line": 2,
          "column": 5
        }
      ],
      "path": [
        "setNestedParentExtByOpType",
        "obj",
        "children",
        "_1_",
        "count"
      ],
      "extensions": {
        "code": "DAMV-400",
        "field": "setNestedParentExtByOpType",
        "type": "Mutation",
        "specifiedBy": "https://spec.graphql.org/June2018/#sec-Values-of-Correct-Type"
      }
    }
  ],
  "data": null
}
