{
  "data": {
    "setSampleRecordWithClassLevelValidationAttribute": {
      "name": "Jane",
      "info": "info"
    }
  }
}
