{
  "data": {
    "sample": {
      "email": "a@b.com"
    }
  }
}
