{
  "data": {
    "sampleWithService": {
      "email": "a@b.com"
    }
  }
}
