{
  "errors": [
    {
      "message": "The field Count must be between 1 and 10.",
      "path": [
        "setNestedParent",
        "obj",
        "child"
      ],
      "extensions": {
        "code": "DAMV-400",
        "field": "setNestedParent",
        "type": "Mutation",
        "specifiedBy": "http://spec.graphql.org/June2018/#sec-Values-of-Correct-Type"
      }
    },
    {
      "message": "The field Count must be between 1 and 10.",
      "path": [
        "setNestedParent",
        "obj",
        "count"
      ],
      "extensions": {
        "code": "DAMV-400",
        "field": "setNestedParent",
        "type": "Mutation",
        "specifiedBy": "http://spec.graphql.org/June2018/#sec-Values-of-Correct-Type"
      }
    },
    {
      "message": "The field Count must be between 1 and 10.",
      "path": [
        "setNestedParent",
        "obj",
        "children",
        "_2_",
        "count"
      ],
      "extensions": {
        "code": "DAMV-400",
        "field": "setNestedParent",
        "type": "Mutation",
        "specifiedBy": "http://spec.graphql.org/June2018/#sec-Values-of-Correct-Type"
      }
    }
  ]
}
