{
  "data": {
    "setSampleRecordWithTopLevelValidationAttribute": {
      "email": "a@a.com"
    }
  }
}
