{
  "errors": [
    {
      "message": "The field txt must be a string or array type with a minimum length of '5'.",
      "locations": [
        {
          "line": 1,
          "column": 3
        }
      ],
      "path": [
        "textAlias",
        "txt"
      ],
      "extensions": {
        "code": "DAMV-400",
        "field": "text",
        "type": "Query",
        "specifiedBy": "https://spec.graphql.org/June2018/#sec-Values-of-Correct-Type"
      }
    }
  ],
  "data": {
    "textAlias": null
  }
}
